// Jest Snapshot v1, https://goo.gl/fbAQLP

exports[`CreateProject.vue renders correctly 1`] = `
<div class="create-project">
  <div class="create-project__container">
    <div class="create-project__container__image-container"><img src="@/../static/images/project/createProject.png" alt="create project" class="create-project__container__image-container__img"></div>
    <h2 aria-roledescription="title" class="create-project__container__title">Create a Project</h2>
    <vinput-stub additionallabel="Up To 20 Characters" currentlimit="0" islimitshown="true" initvalue="" label="Project Name" placeholder="Enter Project Name" height="48px" width="100%" error="" maxsymbols="20" roledescription="input-container" class="full-input"></vinput-stub>
    <vinput-stub additionallabel="Optional" currentlimit="0" islimitshown="true" ismultiline="true" initvalue="" label="Description" placeholder="Enter Project Description" height="100px" width="100%" error="" maxsymbols="100" roledescription="input-container" class="full-input"></vinput-stub>
    <div class="create-project__container__button-container">
      <vbutton-stub label="Cancel" width="210px" height="48px" on-press="function () { [native code] }" is-transparent="true" class="create-project__container__button-container__cancel"></vbutton-stub>
      <vbutton-stub label="Create Project +" width="210px" height="48px" on-press="function () { [native code] }" is-disabled="true"></vbutton-stub>
    </div>
    <!---->
  </div>
</div>
`;
