// Jest Snapshot v1, https://goo.gl/fbAQLP

exports[`OverviewStep.vue renders correctly 1`] = `
<div class="overview-area">
  <h1 aria-roledescription="title" class="overview-area__title">Welcome to Storx </h1>
  <p class="overview-area__subtitle">Get started using the web browser, or the command line.</p>
  <div class="overview-area__routes">
    <overviewcontainer-stub isweb="true" title="Start with web browser" info="Start uploading files in the browser and instantly see how your data gets distributed over the Storx network around the world." buttonlabel="Continue in web ->" onclick="[Function]"></overviewcontainer-stub>
    <overviewcontainer-stub title="Start with Uplink CLI" info="The Uplink CLI is a command-line interface tool which allows you to upload and download files from the network, manage permissions and share files." buttonlabel="Continue in cli ->" onclick="[Function]"></overviewcontainer-stub>
  </div>
  <p class="overview-area__skip-button">
    Skip and go directly to dashboard
  </p>
</div>
`;
